// Jest Snapshot v1, https://goo.gl/fbAQLP

exports[`Spinner tests basic tests matches the snapshot 1`] = `
<div
  className="spinner"
  data-testid="spinner"
  style={
    Object {
      "height": 50,
      "width": 50,
    }
  }
/>
`;
