// Jest Snapshot v1, https://goo.gl/fbAQLP

exports[`matches the snapshot 1`] = `
<div
  class="spinner"
  data-testid="spinner"
  style="width: 50px; height: 50px;"
/>
`;
